Command: /home/marcus/.espressif/python_env/idf5.5_py3.12_env/bin/python /home/marcus/esp/esp-idf-v5.5.3/tools/idf_monitor.py -p /dev/ttyACM1 -b 115200 --toolchain-prefix xtensa-esp32s3-elf- --target esp32s3 --revision 0 /media/marcus/BCF853CFF8538714/Users/Marcus Meyer/Desktop/enel_300/ENEL-300/controller_board/esp_code/esp_now_controller/espnow/build/espnow_example.elf /media/marcus/BCF853CFF8538714/Users/Marcus Meyer/Desktop/enel_300/ENEL-300/controller_board/esp_code/esp_now_controller/espnow/build/bootloader/bootloader.elf -m '/home/marcus/.espressif/python_env/idf5.5_py3.12_env/bin/python' '/home/marcus/esp/esp-idf-v5.5.3/tools/idf.py'
xS�ESP-ROM:esp32s3-20210327
Build:Mar 27 2021
rst:0x1 (POWERON),boot:0x8 (SPI_FAST_FLASH_BOOT)
SPIWP:0xee
mode:DIO, clock div:1
load:0x3fce2820,len:0x14f0
load:0x403c8700,len:0xd24
load:0x403cb700,len:0x2ef0
entry 0x403c8924
[0;32mI (24) boot: ESP-IDF v5.5.3 2nd stage bootloader[0m
[0;32mI (25) boot: compile time Feb 19 2026 23:29:58[0m
[0;32mI (25) boot: Multicore bootloader[0m
[0;32mI (25) boot: chip revision: v0.2[0m
[0;32mI (28) boot: efuse block revision: v1.3[0m
[0;32mI (31) boot.esp32s3: Boot SPI Speed : 80MHz[0m
[0;32mI (35) boot.esp32s3: SPI Mode       : DIO[0m
[0;32mI (39) boot.esp32s3: SPI Flash Size : 2MB[0m
[0;32mI (43) boot: Enabling RNG early entropy source...[0m
[0;32mI (47) boot: Partition Table:[0m
[0;32mI (50) boot: ## Label            Usage          Type ST Offset   Length[0m
[0;32mI (56) boot:  0 nvs              WiFi data        01 02 00009000 00006000[0m
[0;32mI (63) boot:  1 phy_init         RF data          01 01 0000f000 00001000[0m
[0;32mI (69) boot:  2 factory          factory app      00 00 00010000 00100000[0m
[0;32mI (76) boot: End of partition table[0m
[0;32mI (79) esp_image: segment 0: paddr=00010020 vaddr=3c090020 size=19a1ch (104988) map[0m
[0;32mI (105) esp_image: segment 1: paddr=00029a44 vaddr=3fc9b300 size=04e9ch ( 20124) load[0m
[0;32mI (109) esp_image: segment 2: paddr=0002e8e8 vaddr=40374000 size=01730h (  5936) load[0m
[0;32mI (111) esp_image: segment 3: paddr=00030020 vaddr=42000020 size=80f2ch (528172) map[0m
[0;32mI (209) esp_image: segment 4: paddr=000b0f54 vaddr=40375730 size=15bb8h ( 89016) load[0m
[0;32mI (229) esp_image: segment 5: paddr=000c6b14 vaddr=50000000 size=00020h (    32) load[0m
[0;32mI (238) boot: Loaded app from partition at offset 0x10000[0m
[0;32mI (238) boot: Disabling RNG early entropy source...[0m
[0;32mI (249) cpu_start: Multicore app[0m
[0;32mI (257) cpu_start: GPIO 44 and 43 are used as console UART I/O pins[0m
[0;32mI (258) cpu_start: Pro cpu start user code[0m
[0;32mI (258) cpu_start: cpu freq: 160000000 Hz[0m
[0;32mI (259) app_init: Application information:[0m
[0;32mI (263) app_init: Project name:     espnow_example[0m
[0;32mI (268) app_init: App version:      11c91a6-dirty[0m
[0;32mI (272) app_init: Compile time:     Feb 19 2026 23:29:57[0m
[0;32mI (277) app_init: ELF file SHA256:  2ea657cea...[0m
[0;32mI (281) app_init: ESP-IDF:          v5.5.3[0m
[0;32mI (285) efuse_init: Min chip rev:     v0.0[0m
[0;32mI (289) efuse_init: Max chip rev:     v0.99 [0m
[0;32mI (293) efuse_init: Chip rev:         v0.2[0m
[0;32mI (297) heap_init: Initializing. RAM available for dynamic allocation:[0m
[0;32mI (303) heap_init: At 3FCA3EE0 len 00045830 (278 KiB): RAM[0m
[0;32mI (308) heap_init: At 3FCE9710 len 00005724 (21 KiB): RAM[0m
[0;32mI (314) heap_init: At 3FCF0000 len 00008000 (32 KiB): DRAM[0m
[0;32mI (319) heap_init: At 600FE000 len 00001FE8 (7 KiB): RTCRAM[0m
[0;32mI (325) spi_flash: detected chip: boya[0m
[0;32mI (327) spi_flash: flash io: dio[0m
[0;33mW (330) spi_flash: Detected size(16384k) larger than the size in the binary image header(2048k). Using the size in the binary image header.[0m
[0;32mI (343) sleep_gpio: Configure to isolate all GPIO pins in sleep state[0m
[0;32mI (349) sleep_gpio: Enable automatic switching of GPIO sleep configuration[0m
[0;32mI (356) main_task: Started on CPU0[0m
[0;32mI (376) main_task: Calling app_main()[0m
[0;32mI (376) ERROR: : ADC TIMEOUT[0m
[1;31mE (386) adc_continuous: adc_continuous_read(390): The driver is already stopped[0m
[1;31mE (386) adc_continuous: adc_continuous_stop(354): The driver is already stopped[0m
ESP_ERROR_CHECK failed: esp_err_t 0x103 (ESP_ERR_INVALID_STATE) at 0x4200ab6d
file: "./main/espnow_example_main.c" line 268
func: adc_task
expression: adc_continuous_stop(handle)

abort() was called at PC 0x4037c953 on core 1


Backtrace: 0x4037c995:0x3fcea6c0 0x4037c95d:0x3fcea6e0 0x40384d99:0x3fcea700 0x4037c953:0x3fcea770 0x4200ab6d:0x3fcea7a0 0x4037d615:0x3fcea8f0




ELF file SHA256: 2ea657cea

Rebooting...
ESP-ROM:esp32s3-20210327
Build:Mar 27 2021
rst:0xc (RTC_SW_CPU_RST),boot:0x8 (SPI_FAST_FLASH_BOOT)
Saved PC:0x420072d3
SPIWP:0xee
mode:DIO, clock div:1
load:0x3fce2820,len:0x14f0
load:0x403c8700,len:0xd24
load:0x403cb700,len:0x2ef0
entry 0x403c8924
[0;32mI (29) boot: ESP-IDF v5.5.3 2nd stage bootloader[0m
[0;32mI (29) boot: compile time Feb 19 2026 23:29:58[0m
[0;32mI (29) boot: Multicore bootloader[0m
[0;32mI (29) boot: chip revision: v0.2[0m
[0;32mI (32) boot: efuse block revision: v1.3[0m
[0;32mI (36) boot.esp32s3: Boot SPI Speed : 80MHz[0m
[0;32mI (40) boot.esp32s3: SPI Mode       : DIO[0m
[0;32mI (43) boot.esp32s3: SPI Flash Size : 2MB[0m
[0;32mI (47) boot: Enabling RNG early entropy source...[0m
[0;32mI (52) boot: Partition Table:[0m
[0;32mI (54) boot: ## Label            Usage          Type ST Offset   Length[0m
[0;32mI (60) boot:  0 nvs              WiFi data        01 02 00009000 00006000[0m
[0;32mI (67) boot:  1 phy_init         RF data          01 01 0000f000 00001000[0m
[0;32mI (73) boot:  2 factory          factory app      00 00 00010000 00100000[0m
[0;32mI (80) boot: End of partition table[0m
[0;32mI (83) esp_image: segment 0: paddr=00010020 vaddr=3c090020 size=19a1ch (104988) map[0m
[0;32mI (109) esp_image: segment 1: paddr=00029a44 vaddr=3fc9b300 size=04e9ch ( 20124) load[0m
[0;32mI (114) esp_image: segment 2: paddr=0002e8e8 vaddr=40374000 size=01730h (  5936) load[0m
[0;32mI (115) esp_image: segment 3: paddr=00030020 vaddr=42000020 size=80f2ch (528172) map[0m
[0;32mI (214) esp_image: segment 4: paddr=000b0f54 vaddr=40375730 size=15bb8h ( 89016) load[0m
[0;32mI (234) esp_image: segment 5: paddr=000c6b14 vaddr=50000000 size=00020h (    32) load[0m
[0;32mI (243) boot: Loaded app from partition at offset 0x10000[0m
[0;32mI (243) boot: Disabling RNG early entropy source...[0m
[0;32mI (253) cpu_start: Multicore app[0m
[0;32mI (262) cpu_start: GPIO 44 and 43 are used as console UART I/O pins[0m
[0;32mI (263) cpu_start: Pro cpu start user code[0m
[0;32mI (263) cpu_start: cpu freq: 160000000 Hz[0m
[0;32mI (264) app_init: Application information:[0m
[0;32mI (268) app_init: Project name:     espnow_example[0m
[0;32mI (273) app_init: App version:      11c91a6-dirty[0m
[0;32mI (277) app_init: Compile time:     Feb 19 2026 23:29:57[0m
[0;32mI (282) app_init: ELF file SHA256:  2ea657cea...[0m
[0;32mI (286) app_init: ESP-IDF:          v5.5.3[0m
[0;32mI (290) efuse_init: Min chip rev:     v0.0[0m
[0;32mI (294) efuse_init: Max chip rev:     v0.99 [0m
[0;32mI (298) efuse_init: Chip rev:         v0.2[0m
[0;32mI (302) heap_init: Initializing. RAM available for dynamic allocation:[0m
[0;32mI (308) heap_init: At 3FCA3EE0 len 00045830 (278 KiB): RAM[0m
[0;32mI (313) heap_init: At 3FCE9710 len 00005724 (21 KiB): RAM[0m
[0;32mI (318) heap_init: At 3FCF0000 len 00008000 (32 KiB): DRAM[0m
[0;32mI (324) heap_init: At 600FE000 len 00001FE8 (7 KiB): RTCRAM[0m
[0;32mI (330) spi_flash: detected chip: boya[0m
[0;32mI (332) spi_flash: flash io: dio[0m
[0;33mW (335) spi_flash: Detected size(16384k) larger than the size in the binary image header(2048k). Using the size in the binary image header.[0m
[0;32mI (348) sleep_gpio: Configure to isolate all GPIO pins in sleep state[0m
[0;32mI (354) sleep_gpio: Enable automatic switching of GPIO sleep configuration[0m
[0;32mI (361) main_task: Started on CPU0[0m
[0;32mI (381) main_task: Calling app_main()[0m
[0;32mI (381) ERROR: : ADC TIMEOUT[0m
[1;31mE (391) adc_continuous: adc_continuous_read(390): The driver is already stopped[0m
[1;31mE (391) adc_continuous: adc_continuous_stop(354): The driver is already stopped[0m
ESP_ERROR_CHECK failed: esp_err_t 0x103 (ESP_ERR_INVALID_STATE) at 0x4200ab6d
file: "./main/espnow_example_main.c" line 268
func: adc_task
expression: adc_continuous_stop(handle)

abort() was called at PC 0x4037c953 on core 1


Backtrace: 0x4037c995:0x3fcea6c0 0x4037c95d:0x3fcea6e0 0x40384d99:0x3fcea700 0x4037c953:0x3fcea770 0x4200ab6d:0x3fcea7a0 0x4037d615:0x3fcea8f0




ELF file SHA256: 2ea657cea

Rebooting...
ESP-ROM:esp32s3-20210327
Build:Mar 27 2021
rst:0xc (RTC_SW_CPU_RST),boot:0x8 (SPI_FAST_FLASH_BOOT)
Saved PC:0x420072d3
SPIWP:0xee
mode:DIO, clock div:1
load:0x3fce2820,len:0x14f0
load:0x403c8700,len:0xd24
load:0x403cb700,len:0x2ef0
entry 0x403c8924
[0;32mI (29) boot: ESP-IDF v5.5.3 2nd stage bootloader[0m
[0;32mI (29) boot: compile time Feb 19 2026 23:29:58[0m
[0;32mI (29) boot: Multicore bootloader[0m
[0;32mI (29) boot: chip revision: v0.2[0m
[0;32mI (32) boot: efuse block revision: v1.3[0m
[0;32mI (36) boot.esp32s3: Boot SPI Speed : 80MHz[0m
[0;32mI (40) boot.esp32s3: SPI Mode       : DIO[0m
[0;32mI (43) boot.esp32s3: SPI Flash Size : 2MB[0m
[0;32mI (47) boot: Enabling RNG early entropy source...[0m
[0;32mI (52) boot: Partition Table:[0m
[0;32mI (54) boot: ## Label            Usage          Type ST Offset   Length[0m
[0;32mI (60) boot:  0 nvs              WiFi data        01 02 00009000 00006000[0m
[0;32mI (67) boot:  1 phy_init         RF data          01 01 0000f000 00001000[0m
[0;32mI (73) boot:  2 factory          factory app      00 00 00010000 00100000[0m
[0;32mI (80) boot: End of partition table[0m
[0;32mI (83) esp_image: segment 0: paddr=00010020 vaddr=3c090020 size=19a1ch (104988) map[0m
[0;32mI (109) esp_image: segment 1: paddr=00029a44 vaddr=3fc9b300 size=04e9ch ( 20124) load[0m
[0;32mI (114) esp_image: segment 2: paddr=0002e8e8 vaddr=40374000 size=01730h (  5936) load[0m
[0;32mI (115) esp_image: segment 3: paddr=00030020 vaddr=42000020 size=80f2ch (528172) map[0m
[0;32mI (214) esp_image: segment 4: paddr=000b0f54 vaddr=40375730 size=15bb8h ( 89016) load[0m
[0;32mI (234) esp_image: segment 5: paddr=000c6b14 vaddr=50000000 size=00020h (    32) load[0m
[0;32mI (243) boot: Loaded app from partition at offset 0x10000[0m
[0;32mI (243) boot: Disabling RNG early entropy source...[0m
[0;32mI (253) cpu_start: Multicore app[0m
[0;32mI (262) cpu_start: GPIO 44 and 43 are used as console UART I/O pins[0m
[0;32mI (263) cpu_start: Pro cpu start user code[0m
[0;32mI (263) cpu_start: cpu freq: 160000000 Hz[0m
[0;32mI (264) app_init: Application information:[0m
[0;32mI (268) app_init: Project name:     espnow_example[0m
[0;32mI (273) app_init: App version:      11c91a6-dirty[0m
[0;32mI (277) app_init: Compile time:     Feb 19 2026 23:29:57[0m
[0;32mI (282) app_init: ELF file SHA256:  2ea657cea...[0m
[0;32mI (286) app_init: ESP-IDF:          v5.5.3[0m
[0;32mI (290) efuse_init: Min chip rev:     v0.0[0m
[0;32mI (294) efuse_init: Max chip rev:     v0.99 [0m
[0;32mI (298) efuse_init: Chip rev:         v0.2[0m
[0;32mI (302) heap_init: Initializing. RAM available for dynamic allocation:[0m
[0;32mI (308) heap_init: At 3FCA3EE0 len 00045830 (278 KiB): RAM[0m
[0;32mI (313) heap_init: At 3FCE9710 len 00005724 (21 KiB): RAM[0m
[0;32mI (318) heap_init: At 3FCF0000 len 00008000 (32 KiB): DRAM[0m
[0;32mI (324) heap_init: At 600FE000 len 00001FE8 (7 KiB): RTCRAM[0m
[0;32mI (330) spi_flash: detected chip: boya[0m
[0;32mI (332) spi_flash: flash io: dio[0m
[0;33mW (335) spi_flash: Detected size(16384k) larger than the size in the binary image header(2048k). Using the size in the binary image header.[0m
[0;32mI (348) sleep_gpio: Configure to isolate all GPIO pins in sleep state[0m
[0;32mI (354) sleep_gpio: Enable automatic switching of GPIO sleep configuration[0m
[0;32mI (361) main_task: Started on CPU0[0m
[0;32mI (381) main_task: Calling app_main()[0m
[0;32mI (381) ERROR: : ADC TIMEOUT[0m
[1;31mE (391) adc_continuous: adc_continuous_read(390): The driver is already stopped[0m
[1;31mE (391) adc_continuous: adc_continuous_stop(354): The driver is already stopped[0m
ESP_ERROR_CHECK failed: esp_err_t 0x103 (ESP_ERR_INVALID_STATE) at 0x4200ab6d
file: "./main/espnow_example_main.c" line 268
func: adc_task
expression: adc_continuous_stop(handle)

abort() was called at PC 0x4037c953 on core 1


Backtrace: 0x4037c995:0x3fcea6c0 0x4037c95d:0x3fcea6e0 0x40384d99:0x3fcea700 0x4037c953:0x3fcea770 0x4200ab6d:0x3fcea7a0 0x4037d615:0x3fcea8f0




ELF file SHA256: 2ea657cea

Rebooting...
ESP-ROM:esp32s3-20210327
Build:Mar 27 2021
rst:0xc (RTC_SW_CPU_RST),boot:0x8 (SPI_FAST_FLASH_BOOT)
Saved PC:0x420072d3
SPIWP:0xee
mode:DIO, clock div:1
load:0x3fce2820,len:0x14f0
load:0x403c8700,len:0xd24
load:0x403cb700,len:0x2ef0
entry 0x403c8924
