Command: /home/marcus/.espressif/python_env/idf5.5_py3.12_env/bin/python /home/marcus/esp/esp-idf-v5.5.3/tools/idf_monitor.py -p /dev/ttyACM1 -b 115200 --toolchain-prefix xtensa-esp32s3-elf- --target esp32s3 --revision 0 /media/marcus/BCF853CFF8538714/Users/Marcus Meyer/Desktop/enel_300/ENEL-300/controller_board/esp_code/esp_now_controller/espnow/build/espnow_example.elf /media/marcus/BCF853CFF8538714/Users/Marcus Meyer/Desktop/enel_300/ENEL-300/controller_board/esp_code/esp_now_controller/espnow/build/bootloader/bootloader.elf -m '/home/marcus/.espressif/python_env/idf5.5_py3.12_env/bin/python' '/home/marcus/esp/esp-idf-v5.5.3/tools/idf.py'
��x�=UESP-ROM:esp32s3-20210327
Build:Mar 27 2021
rst:0x1 (POWERON),boot:0x8 (SPI_FAST_FLASH_BOOT)
SPIWP:0xee
mode:DIO, clock div:1
load:0x3fce2820,len:0x14f0
load:0x403c8700,len:0xd24
load:0x403cb700,len:0x2ef0
entry 0x403c8924
[0;32mI (24) boot: ESP-IDF v5.5.3 2nd stage bootloader[0m
[0;32mI (25) boot: compile time Feb 19 2026 23:29:58[0m
[0;32mI (25) boot: Multicore bootloader[0m
[0;32mI (25) boot: chip revision: v0.2[0m
[0;32mI (28) boot: efuse block revision: v1.3[0m
[0;32mI (31) boot.esp32s3: Boot SPI Speed : 80MHz[0m
[0;32mI (35) boot.esp32s3: SPI Mode       : DIO[0m
[0;32mI (39) boot.esp32s3: SPI Flash Size : 2MB[0m
[0;32mI (43) boot: Enabling RNG early entropy source...[0m
[0;32mI (47) boot: Partition Table:[0m
[0;32mI (50) boot: ## Label            Usage          Type ST Offset   Length[0m
[0;32mI (56) boot:  0 nvs              WiFi data        01 02 00009000 00006000[0m
[0;32mI (63) boot:  1 phy_init         RF data          01 01 0000f000 00001000[0m
[0;32mI (69) boot:  2 factory          factory app      00 00 00010000 00100000[0m
[0;32mI (76) boot: End of partition table[0m
[0;32mI (79) esp_image: segment 0: paddr=00010020 vaddr=3c090020 size=199a4h (104868) map[0m
[0;32mI (105) esp_image: segment 1: paddr=000299cc vaddr=3fc9b300 size=04e9ch ( 20124) load[0m
[0;32mI (109) esp_image: segment 2: paddr=0002e870 vaddr=40374000 size=017a8h (  6056) load[0m
[0;32mI (111) esp_image: segment 3: paddr=00030020 vaddr=42000020 size=80cbch (527548) map[0m
[0;32mI (209) esp_image: segment 4: paddr=000b0ce4 vaddr=403757a8 size=15b38h ( 88888) load[0m
[0;32mI (229) esp_image: segment 5: paddr=000c6824 vaddr=50000000 size=00020h (    32) load[0m
[0;32mI (238) boot: Loaded app from partition at offset 0x10000[0m
[0;32mI (238) boot: Disabling RNG early entropy source...[0m
[0;32mI (248) cpu_start: Multicore app[0m
[0;32mI (257) cpu_start: GPIO 44 and 43 are used as console UART I/O pins[0m
[0;32mI (258) cpu_start: Pro cpu start user code[0m
[0;32mI (258) cpu_start: cpu freq: 160000000 Hz[0m
[0;32mI (259) app_init: Application information:[0m
[0;32mI (263) app_init: Project name:     espnow_example[0m
[0;32mI (267) app_init: App version:      11c91a6-dirty[0m
[0;32mI (272) app_init: Compile time:     Feb 19 2026 23:29:57[0m
[0;32mI (277) app_init: ELF file SHA256:  443af7456...[0m
[0;32mI (281) app_init: ESP-IDF:          v5.5.3[0m
[0;32mI (285) efuse_init: Min chip rev:     v0.0[0m
[0;32mI (289) efuse_init: Max chip rev:     v0.99 [0m
[0;32mI (293) efuse_init: Chip rev:         v0.2[0m
[0;32mI (297) heap_init: Initializing. RAM available for dynamic allocation:[0m
[0;32mI (303) heap_init: At 3FCA3EE0 len 00045830 (278 KiB): RAM[0m
[0;32mI (308) heap_init: At 3FCE9710 len 00005724 (21 KiB): RAM[0m
[0;32mI (313) heap_init: At 3FCF0000 len 00008000 (32 KiB): DRAM[0m
[0;32mI (319) heap_init: At 600FE000 len 00001FE8 (7 KiB): RTCRAM[0m
[0;32mI (325) spi_flash: detected chip: boya[0m
[0;32mI (327) spi_flash: flash io: dio[0m
[0;33mW (330) spi_flash: Detected size(16384k) larger than the size in the binary image header(2048k). Using the size in the binary image header.[0m
[0;32mI (343) sleep_gpio: Configure to isolate all GPIO pins in sleep state[0m
[0;32mI (349) sleep_gpio: Enable automatic switching of GPIO sleep configuration[0m
[0;32mI (356) main_task: Started on CPU0[0m
[0;32mI (376) main_task: Calling app_main()[0m
[0;32mI (376) ERROR: : ADC TIMEOUT[0m
[0;32mI (376) ERROR: : ADC TIMEOUT[0m
[0;32mI (376) ERROR: : ADC TIMEOUT[0m
[0;32mI (386) ERROR: : ADC TIMEOUT[0m
[0;32mI (386) ERROR: : ADC TIMEOUT[0m
[0;32mI (386) ERROR: : ADC TIMEOUT[0m
[0;32mI (386) pp: pp rom version: e7ae62f[0m
[0;32mI (386) ERROR: : ADC TIMEOUT[0m
[0;32mI (386) net80211: net80211 rom version: e7ae62f[0m
[0;32mI (386) ERROR: : ADC TIMEOUT[0m
[0;32mI (396) ERROR: : ADC TIMEOUT[0m
[0;32mI (396) ERROR: : ADC TIMEOUT[0m
[0;32mI (406) wifi:I (406) ERROR: : ADC TIMEOUT[0m
wifi driver task: 3fcaa694, prio:23, stack:6656, core=0I (406) ERROR: : ADC TIMEOUT

[0;32mI (416) ERROR: : ADC TIMEOUT[0m
[0;32mI (416) ERROR: : ADC TIMEOUT[0m
[0;32mI (416) wifi:I (416) ERROR: : ADC TIMEOUT[0m
wifi firmware version: 4df78f2I (426) ERROR: : ADC TIMEOUT

[0;32mI (426) ERROR: : ADC TIMEOUT[0m
[0;32mI (426) wifi:I (436) ERROR: : ADC TIMEOUT[0m
wifi certification version: v7.0I (436) ERROR: : ADC TIMEOUT

[0;32mI (436) ERROR: : ADC TIMEOUT[0m
[0;32mI (436) wifi:I (446) ERROR: : ADC TIMEOUT[0m
config NVS flash: enabledI (446) ERROR: : ADC TIMEOUT

[0;32mI (456) ERROR: : ADC TIMEOUT[0m
[0;32mI (456) wifi:I (456) ERROR: : ADC TIMEOUT[0m
config nano formatting: disabledI (456) ERROR: : ADC TIMEOUT
Guru Meditation Error: Core  1 panic'ed (StoreProhibited). Exception was unhandled.

Core  1 register dump:
PC      : 0x4200aa7e  PS      : 0x00060c30  A0      : 0x8037d610  A1      : 0x3fcea7a0  
A2      : 0x00000000  A3      : 0x00000000  A4      : 0x00000000  A5      : 0x00000100  
A6      : 0x3fcea8a0  A7      : 0x00000000  A8      : 0x8200aa7e  A9      : 0x3fcea790  
A10     : 0x3fc72ed9  A11     : 0x3ff8e5db  A12     : 0x23b23b20  A13     : 0x3fc72ed9  
A14     : 0x00000000  A15     : 0x00000000  SAR     : 0x0000001d  EXCCAUSE: 0x0000001d  
EXCVADDR: 0x00000000  LBEG    : 0x40054bf0  LEND    : 0x40054c0f  LCOUNT  : 0x00000000  


Backtrace: 0x4200aa7b:0x3fcea7a0 0x4037d60d:0x3fcea8f0




ELF file SHA256: 443af7456

Rebooting...
���ESP-ROM:esp32s3-20210327
Build:Mar 27 2021
rst:0xc (RTC_SW_CPU_RST),boot:0x8 (SPI_FAST_FLASH_BOOT)
Saved PC:0x420072a3
SPIWP:0xee
mode:DIO, clock div:1
load:0x3fce2820,len:0x14f0
load:0x403c8700,len:0xd24
load:0x403cb700,len:0x2ef0
entry 0x403c8924
[0;32mI (29) boot: ESP-IDF v5.5.3 2nd stage bootloader[0m
[0;32mI (29) boot: compile time Feb 19 2026 23:29:58[0m
[0;32mI (29) boot: Multicore bootloader[0m
[0;32mI (29) boot: chip revision: v0.2[0m
[0;32mI (32) boot: efuse block revision: v1.3[0m
[0;32mI (36) boot.esp32s3: Boot SPI Speed : 80MHz[0m
[0;32mI (40) boot.esp32s3: SPI Mode       : DIO[0m
[0;32mI (43) boot.esp32s3: SPI Flash Size : 2MB[0m
[0;32mI (47) boot: Enabling RNG early entropy source...[0m
[0;32mI (52) boot: Partition Table:[0m
[0;32mI (54) boot: ## Label            Usage          Type ST Offset   Length[0m
[0;32mI (60) boot:  0 nvs              WiFi data        01 02 00009000 00006000[0m
[0;32mI (67) boot:  1 phy_init         RF data          01 01 0000f000 00001000[0m
[0;32mI (73) boot:  2 factory          factory app      00 00 00010000 00100000[0m
[0;32mI (80) boot: End of partition table[0m
[0;32mI (83) esp_image: segment 0: paddr=00010020 vaddr=3c090020 size=199a4h (104868) map[0m
[0;32mI (109) esp_image: segment 1: paddr=000299cc vaddr=3fc9b300 size=04e9ch ( 20124) load[0m
[0;32mI (114) esp_image: segment 2: paddr=0002e870 vaddr=40374000 size=017a8h (  6056) load[0m
[0;32mI (115) esp_image: segment 3: paddr=00030020 vaddr=42000020 size=80cbch (527548) map[0m
[0;32mI (214) esp_image: segment 4: paddr=000b0ce4 vaddr=403757a8 size=15b38h ( 88888) load[0m
[0;32mI (234) esp_image: segment 5: paddr=000c6824 vaddr=50000000 size=00020h (    32) load[0m
[0;32mI (243) boot: Loaded app from partition at offset 0x10000[0m
[0;32mI (243) boot: Disabling RNG early entropy source...[0m
[0;32mI (253) cpu_start: Multicore app[0m
[0;32mI (262) cpu_start: GPIO 44 and 43 are used as console UART I/O pins[0m
[0;32mI (263) cpu_start: Pro cpu start user code[0m
[0;32mI (263) cpu_start: cpu freq: 160000000 Hz[0m
[0;32mI (264) app_init: Application information:[0m
[0;32mI (268) app_init: Project name:     espnow_example[0m
[0;32mI (272) app_init: App version:      11c91a6-dirty[0m
[0;32mI (277) app_init: Compile time:     Feb 19 2026 23:29:57[0m
[0;32mI (282) app_init: ELF file SHA256:  443af7456...[0m
[0;32mI (286) app_init: ESP-IDF:          v5.5.3[0m
[0;32mI (290) efuse_init: Min chip rev:     v0.0[0m
[0;32mI (294) efuse_init: Max chip rev:     v0.99 [0m
[0;32mI (298) efuse_init: Chip rev:         v0.2[0m
[0;32mI (302) heap_init: Initializing. RAM available for dynamic allocation:[0m
[0;32mI (308) heap_init: At 3FCA3EE0 len 00045830 (278 KiB): RAM[0m
[0;32mI (313) heap_init: At 3FCE9710 len 00005724 (21 KiB): RAM[0m
[0;32mI (318) heap_init: At 3FCF0000 len 00008000 (32 KiB): DRAM[0m
[0;32mI (324) heap_init: At 600FE000 len 00001FE8 (7 KiB): RTCRAM[0m
[0;32mI (330) spi_flash: detected chip: boya[0m
[0;32mI (332) spi_flash: flash io: dio[0m
[0;33mW (335) spi_flash: Detected size(16384k) larger than the size in the binary image header(2048k). Using the size in the binary image header.[0m
[0;32mI (348) sleep_gpio: Configure to isolate all GPIO pins in sleep state[0m
[0;32mI (354) sleep_gpio: Enable automatic switching of GPIO sleep configuration[0m
[0;32mI (361) main_task: Started on CPU0[0m
[0;32mI (381) main_task: Calling app_main()[0m
[0;32mI (381) ERROR: : ADC TIMEOUT[0m
[0;32mI (381) ERROR: : ADC TIMEOUT[0m
[0;32mI (381) ERROR: : ADC TIMEOUT[0m
[0;32mI (391) ERROR: : ADC TIMEOUT[0m
[0;32mI (391) ERROR: : ADC TIMEOUT[0m
[0;32mI (391) ERROR: : ADC TIMEOUT[0m
[0;32mI (391) pp: pp rom version: e7ae62f[0m
[0;32mI (391) ERROR: : ADC TIMEOUT[0m
[0;32mI (391) net80211: net80211 rom version: e7ae62f[0m
[0;32mI (391) ERROR: : ADC TIMEOUT[0m
[0;32mI (401) ERROR: : ADC TIMEOUT[0m
[0;32mI (401) ERROR: : ADC TIMEOUT[0m
[0;32mI (411) wifi:I (411) ERROR: : ADC TIMEOUT[0m
wifi driver task: 3fcaa694, prio:23, stack:6656, core=0I (411) ERROR: : ADC TIMEOUT

[0;32mI (421) ERROR: : ADC TIMEOUT[0m
[0;32mI (421) ERROR: : ADC TIMEOUT[0m
[0;32mI (421) wifi:I (421) ERROR: : ADC TIMEOUT[0m
wifi firmware version: 4df78f2I (431) ERROR: : ADC TIMEOUT

[0;32mI (431) ERROR: : ADC TIMEOUT[0m
[0;32mI (431) wifi:I (441) ERROR: : ADC TIMEOUT[0m
wifi certification version: v7.0I (441) ERROR: : ADC TIMEOUT

[0;32mI (441) ERROR: : ADC TIMEOUT[0m
[0;32mI (441) wifi:I (451) ERROR: : ADC TIMEOUT[0m
config NVS flash: enabledI (451) ERROR: : ADC TIMEOUT

[0;32mI (461) ERROR: : ADC TIMEOUT[0m
[0;32mI (461) wifi:I (461) ERROR: : ADC TIMEOUT[0m
config nano formatting: disabledI (461) ERROR: : ADC TIMEOUT
Guru Meditation Error: Core  1 panic'ed (StoreProhibited). Exception was unhandled.

Core  1 register dump:
PC      : 0x4200aa7e  PS      : 0x00060c30  A0      : 0x8037d610  A1      : 0x3fcea7a0  
A2      : 0x00000000  A3      : 0x00000000  A4      : 0x00000000  A5      : 0x00000100  
A6      : 0x3fcea8a0  A7      : 0x00000000  A8      : 0x8200aa7e  A9      : 0x3fcea790  
A10     : 0x3fc763a9  A11     : 0x3ff8ec75  A12     : 0x3d73d740  A13     : 0x3fc763a9  
A14     : 0x00000000  A15     : 0x00000000  SAR     : 0x0000001d  EXCCAUSE: 0x0000001d  
EXCVADDR: 0x00000000  LBEG    : 0x40054bf0  LEND    : 0x40054c0f  LCOUNT  : 0x00000000  


Backtrace: 0x4200aa7b:0x3fcea7a0 0x4037d60d:0x3fcea8f0




ELF file SHA256: 443af7456

Rebooting...
���ESP-ROM:esp32s3-20210327
Build:Mar 27 2021
rst:0xc (RTC_SW_CPU_RST),boot:0x8 (SPI_FAST_FLASH_BOOT)
Saved PC:0x420072a3
SPIWP:0xee
mode:DIO, clock div:1
load:0x3fce2820,len:0x14f0
load:0x403c8700,len:0xd24
load:0x403cb700,len:0x2ef0
entry 0x403c8924
[0;32mI (29) boot: ESP-IDF v5.5.3 2nd stage bootloader[0m
[0;32mI (29) boot: compile time Feb 19 2026 23:29:58[0m
[0;32mI (29) boot: Multicore bootloader[0m
[0;32mI (29) boot: chip revision: v0.2[0m
[0;32mI (32) boot: efuse block revision: v1.3[0m
[0;32mI (36) boot.esp32s3: Boot SPI Speed : 80MHz[0m
[0;32mI (40) boot.esp32s3: SPI Mode       : DIO[0m
[0;32mI (43) boot.esp32s3: SPI Flash Size : 2MB[0m
[0;32mI (47) boot: Enabling RNG early entropy source...[0m
[0;32mI (52) boot: Partition Table:[0m
[0;32mI (54) boot: ## Label            Usage          Type ST Offset   Length[0m
[0;32mI (60) boot:  0 nvs              WiFi data        01 02 00009000 00006000[0m
[0;32mI (67) boot:  1 phy_init         RF data          01 01 0000f000 00001000[0m
[0;32mI (73) boot:  2 factory          factory app      00 00 00010000 00100000[0m
[0;32mI (80) boot: End of partition table[0m
[0;32mI (83) esp_image: segment 0: paddr=00010020 vaddr=3c090020 size=199a4h (104868) map[0m
[0;32mI (109) esp_image: segment 1: paddr=000299cc vaddr=3fc9b300 size=04e9ch ( 20124) load[0m
[0;32mI (114) esp_image: segment 2: paddr=0002e870 vaddr=40374000 size=017a8h (  6056) load[0m
[0;32mI (115) esp_image: segment 3: paddr=00030020 vaddr=42000020 size=80cbch (527548) map[0m
[0;32mI (214) esp_image: segment 4: paddr=000b0ce4 vaddr=403757a8 size=15b38h ( 88888) load[0m
[0;32mI (234) esp_image: segment 5: paddr=000c6824 vaddr=50000000 size=00020h (    32) load[0m
[0;32mI (243) boot: Loaded app from partition at offset 0x10000[0m
[0;32mI (243) boot: Disabling RNG early entropy source...[0m
[0;32mI (253) cpu_start: Multicore app[0m
[0;32mI (262) cpu_start: GPIO 44 and 43 are used as console UART I/O pins[0m
[0;32mI (263) cpu_start: Pro cpu start user code[0m
[0;32mI (263) cpu_start: cpu freq: 160000000 Hz[0m
[0;32mI (264) app_init: Application information:[0m
[0;32mI (268) app_init: Project name:     espnow_example[0m
[0;32mI (272) app_init: App version:      11c91a6-dirty[0m
[0;32mI (277) app_init: Compile time:     Feb 19 2026 23:29:57[0m
[0;32mI (282) app_init: ELF file SHA256:  443af7456...[0m
[0;32mI (286) app_init: ESP-IDF:          v5.5.3[0m
[0;32mI (290) efuse_init: Min chip rev:     v0.0[0m
[0;32mI (294) efuse_init: Max chip rev:     v0.99 [0m
[0;32mI (298) efuse_init: Chip rev:         v0.2[0m
[0;32mI (302) heap_init: Initializing. RAM available for dynamic allocation:[0m
[0;32mI (308) heap_init: At 3FCA3EE0 len 00045830 (278 KiB): RAM[0m
[0;32mI (313) heap_init: At 3FCE9710 len 00005724 (21 KiB): RAM[0m
[0;32mI (318) heap_init: At 3FCF0000 len 00008000 (32 KiB): DRAM[0m
[0;32mI (324) heap_init: At 600FE000 len 00001FE8 (7 KiB): RTCRAM[0m
[0;32mI (330) spi_flash: detected chip: boya[0m
[0;32mI (332) spi_flash: flash io: dio[0m
[0;33mW (335) spi_flash: Detected size(16384k) larger than the size in the binary image header(2048k). Using the size in the binary image header.[0m
[0;32mI (348) sleep_gpio: Configure to isolate all GPIO pins in sleep state[0m
[0;32mI (354) sleep_gpio: Enable automatic switching of GPIO sleep configuration[0m
[0;32mI (361) main_task: Started on CPU0[0m
[0;32mI (381) main_task: Calling app_main()[0m
[0;32mI (381) ERROR: : ADC TIMEOUT[0m
[0;32mI (381) ERROR: : ADC TIMEOUT[0m
[0;32mI (381) ERROR: : ADC TIMEOUT[0m
[0;32mI (391) ERROR: : ADC TIMEOUT[0m
[0;32mI (391) ERROR: : ADC TIMEOUT[0m
[0;32mI (391) ERROR: : ADC TIMEOUT[0m
[0;32mI (391) pp: pp rom version: e7ae62f[0m
[0;32mI (391) ERROR: : ADC TIMEOUT[0m
[0;32mI (391) net80211: net80211 rom version: e7ae62f[0m
[0;32mI (391) ERROR: : ADC TIMEOUT[0m
[0;32mI (401) ERROR: : ADC TIMEOUT[0m
[0;32mI (401) ERROR: : ADC TIMEOUT[0m
[0;32mI (411) wifi:I (411) ERROR: : ADC TIMEOUT[0m
wifi driver task: 3fcaa694, prio:23, stack:6656, core=0I (411) ERROR: : ADC TIMEOUT

[0;32mI (421) ERROR: : ADC TIMEOUT[0m
[0;32mI (421) ERROR: : ADC TIMEOUT[0m
[0;32mI (421) wifi:I (421) ERROR: : ADC TIMEOUT[0m
wifi firmware version: 4df78f2I (431) ERROR: : ADC TIMEOUT

[0;32mI (431) ERROR: : ADC TIMEOUT[0m
[0;32mI (431) wifi:I (441) ERROR: : ADC TIMEOUT[0m
wifi certification version: v7.0I (441) ERROR: : ADC TIMEOUT

[0;32mI (441) ERROR: : ADC TIMEOUT[0m
[0;32mI (441) wifi:I (451) ERROR: : ADC TIMEOUT[0m
config NVS flash: enabledI (451) ERROR: : ADC TIMEOUT

[0;32mI (461) ERROR: : ADC TIMEOUT[0m
[0;32mI (461) wifi:I (461) ERROR: : ADC TIMEOUT[0m
config nano formatting: disabledI (461) ERROR: : ADC TIMEOUT
Guru Meditation Error: Core  1 panic'ed (StoreProhibited). Exception was unhandled.

Core  1 register dump:
PC      : 0x4200aa7e  PS      : 0x00060c30  A0      : 0x8037d610  A1      : 0x3fcea7a0  
A2      : 0x00000000  A3      : 0x00000000  A4      : 0x00000000  A5      : 0x00000100  
A6      : 0x3fcea8a0  A7      : 0x00000000  A8      : 0x8200aa7e  A9      : 0x3fcea790  
A10     : 0x3fc79879  A11     : 0x3ff8f30f  A12     : 0x57357358  A13     : 0x3fc79879  
A14     : 0x00000000  A15     : 0x00000000  SAR     : 0x0000001d  EXCCAUSE: 0x0000001d  
EXCVADDR: 0x00000000  LBEG    : 0x40054bf0  LEND    : 0x40054c0f  LCOUNT  : 0x00000000  


Backtrace: 0x4200aa7b:0x3fcea7a0 0x4037d60d:0x3fcea8f0




ELF file SHA256: 443af7456

Rebooting...
���ESP-ROM:esp32s3-20210327
Build:Mar 27 2021
rst:0xc (RTC_SW_CPU_RST),boot:0x8 (SPI_FAST_FLASH_BOOT)
Saved PC:0x420072a3
SPIWP:0xee
mode:DIO, clock div:1
load:0x3fce2820,len:0x14f0
load:0x403c8700,len:0xd24
load:0x403cb700,len:0x2ef0
entry 0x403c8924
[0;32mI (29) boot: ESP-IDF v5.5.3 2nd stage bootloader[0m
[0;32mI (29) boot: compile time Feb 19 2026 23:29:58[0m
[0;32mI (29) boot: Multicore bootloader[0m
[0;32mI (29) boot: chip revision: v0.2[0m
[0;32mI (32) boot: efuse block revision: v1.3[0m
[0;32mI (36) boot.esp32s3: Boot SPI Speed : 80MHz[0m
[0;32mI (40) boot.esp32s3: SPI Mode       : DIO[0m
[0;32mI (43) boot.esp32s3: SPI Flash Size : 2MB[0m
[0;32mI (47) boot: Enabling RNG early entropy source...[0m
[0;32mI (52) boot: Partition Table:[0m
[0;32mI (54) boot: ## Label            Usage          Type ST Offset   Length[0m
[0;32mI (60) boot:  0 nvs              WiFi data        01 02 00009000 00006000[0m
[0;32mI (67) boot:  1 phy_init         RF data          01 01 0000f000 00001000[0m
[0;32mI (73) boot:  2 factory          factory app      00 00 00010000 00100000[0m
[0;32mI (80) boot: End of partition table[0m
[0;32mI (83) esp_image: segment 0: paddr=00010020 vaddr=3c090020 size=199a4h (104868) map[0m
[0;32mI (109) esp_image: segment 1: paddr=000299cc vaddr=3fc9b300 size=04e9ch ( 20124) load[0m
[0;32mI (114) esp_image: segment 2: paddr=0002e870 vaddr=40374000 size=017a8h (  6056) load[0m
[0;32mI (115) esp_image: segment 3: paddr=00030020 vaddr=42000020 size=80cbch (527548) map[0m
