Command: /home/marcus/.espressif/python_env/idf5.5_py3.12_env/bin/python /home/marcus/esp/esp-idf-v5.5.3/tools/idf_monitor.py -p /dev/ttyACM1 -b 115200 --toolchain-prefix xtensa-esp32s3-elf- --target esp32s3 --revision 0 /media/marcus/BCF853CFF8538714/Users/Marcus Meyer/Desktop/enel_300/ENEL-300/controller_board/esp_code/esp_now_controller/espnow/build/espnow_example.elf /media/marcus/BCF853CFF8538714/Users/Marcus Meyer/Desktop/enel_300/ENEL-300/controller_board/esp_code/esp_now_controller/espnow/build/bootloader/bootloader.elf -m '/home/marcus/.espressif/python_env/idf5.5_py3.12_env/bin/python' '/home/marcus/esp/esp-idf-v5.5.3/tools/idf.py'
@�J�ESP-ROM:esp32s3-20210327
Build:Mar 27 2021
rst:0x1 (POWERON),boot:0x8 (SPI_FAST_FLASH_BOOT)
SPIWP:0xee
mode:DIO, clock div:1
load:0x3fce2820,len:0x14f0
load:0x403c8700,len:0xd24
load:0x403cb700,len:0x2ef0
entry 0x403c8924
[0;32mI (24) boot: ESP-IDF v5.5.3 2nd stage bootloader[0m
[0;32mI (25) boot: compile time Feb 20 2026 00:49:15[0m
[0;32mI (25) boot: Multicore bootloader[0m
[0;32mI (25) boot: chip revision: v0.2[0m
[0;32mI (28) boot: efuse block revision: v1.3[0m
[0;32mI (31) boot.esp32s3: Boot SPI Speed : 80MHz[0m
[0;32mI (35) boot.esp32s3: SPI Mode       : DIO[0m
[0;32mI (39) boot.esp32s3: SPI Flash Size : 16MB[0m
[0;32mI (43) boot: Enabling RNG early entropy source...[0m
[0;32mI (47) boot: Partition Table:[0m
[0;32mI (50) boot: ## Label            Usage          Type ST Offset   Length[0m
[0;32mI (56) boot:  0 nvs              WiFi data        01 02 00009000 00006000[0m
[0;32mI (63) boot:  1 phy_init         RF data          01 01 0000f000 00001000[0m
[0;32mI (69) boot:  2 factory          factory app      00 00 00010000 00100000[0m
[0;32mI (76) boot: End of partition table[0m
[0;32mI (79) esp_image: segment 0: paddr=00010020 vaddr=3c090020 size=199a4h (104868) map[0m
[0;32mI (105) esp_image: segment 1: paddr=000299cc vaddr=3fc9b300 size=04ebch ( 20156) load[0m
[0;32mI (109) esp_image: segment 2: paddr=0002e890 vaddr=40374000 size=01788h (  6024) load[0m
[0;32mI (111) esp_image: segment 3: paddr=00030020 vaddr=42000020 size=80d28h (527656) map[0m
[0;32mI (209) esp_image: segment 4: paddr=000b0d50 vaddr=40375788 size=15b58h ( 88920) load[0m
[0;32mI (229) esp_image: segment 5: paddr=000c68b0 vaddr=50000000 size=00020h (    32) load[0m
[0;32mI (238) boot: Loaded app from partition at offset 0x10000[0m
[0;32mI (238) boot: Disabling RNG early entropy source...[0m
[0;32mI (249) cpu_start: Multicore app[0m
[0;32mI (257) cpu_start: GPIO 44 and 43 are used as console UART I/O pins[0m
[0;32mI (258) cpu_start: Pro cpu start user code[0m
[0;32mI (258) cpu_start: cpu freq: 160000000 Hz[0m
[0;32mI (259) app_init: Application information:[0m
[0;32mI (263) app_init: Project name:     espnow_example[0m
[0;32mI (268) app_init: App version:      11c91a6-dirty[0m
[0;32mI (272) app_init: Compile time:     Feb 20 2026 00:49:08[0m
[0;32mI (277) app_init: ELF file SHA256:  cf485f17e...[0m
[0;32mI (281) app_init: ESP-IDF:          v5.5.3[0m
[0;32mI (285) efuse_init: Min chip rev:     v0.0[0m
[0;32mI (289) efuse_init: Max chip rev:     v0.99 [0m
[0;32mI (293) efuse_init: Chip rev:         v0.2[0m
[0;32mI (297) heap_init: Initializing. RAM available for dynamic allocation:[0m
[0;32mI (303) heap_init: At 3FCA3F00 len 00045810 (278 KiB): RAM[0m
[0;32mI (308) heap_init: At 3FCE9710 len 00005724 (21 KiB): RAM[0m
[0;32mI (313) heap_init: At 3FCF0000 len 00008000 (32 KiB): DRAM[0m
[0;32mI (319) heap_init: At 600FE000 len 00001FE8 (7 KiB): RTCRAM[0m
[0;32mI (325) spi_flash: detected chip: boya[0m
[0;32mI (327) spi_flash: flash io: dio[0m
[0;32mI (331) sleep_gpio: Configure to isolate all GPIO pins in sleep state[0m
[0;32mI (337) sleep_gpio: Enable automatic switching of GPIO sleep configuration[0m
[0;32mI (344) main_task: Started on CPU0[0m
[0;32mI (384) main_task: Calling app_main()[0m
[0;32mI (394) main_task: Returned from app_main()[0m
[0;32mI (394) pp: pp rom version: e7ae62f[0m
[0;32mI (394) net80211: net80211 rom version: e7ae62f[0m
[0;32mI (404) wifi:wifi driver task: 3fca76a8, prio:23, stack:6656, core=0[0m
[0;32mI (404) wifi:wifi firmware version: 4df78f2[0m
[0;32mI (404) wifi:wifi certification version: v7.0[0m
[0;32mI (404) wifi:config NVS flash: enabled[0m
[0;32mI (404) wifi:config nano formatting: disabled[0m
[0;32mI (414) wifi:Init data frame dynamic rx buffer num: 32[0m
[0;32mI (414) wifi:Init static rx mgmt buffer num: 5[0m
[0;32mI (424) wifi:Init management short buffer num: 32[0m
[0;32mI (424) wifi:Init dynamic tx buffer num: 32[0m
[0;32mI (424) wifi:Init static tx FG buffer num: 2[0m
[0;32mI (434) wifi:Init static rx buffer size: 1600[0m
[0;32mI (434) wifi:Init static rx buffer num: 10[0m
[0;32mI (444) wifi:Init dynamic rx buffer num: 32[0m
[0;32mI (444) wifi_init: rx ba win: 6[0m
[0;32mI (444) wifi_init: accept mbox: 6[0m
[0;32mI (454) wifi_init: tcpip mbox: 32[0m
[0;32mI (454) wifi_init: udp mbox: 6[0m
[0;32mI (454) wifi_init: tcp mbox: 6[0m
[0;32mI (454) wifi_init: tcp tx win: 5760[0m
[0;32mI (464) wifi_init: tcp rx win: 5760[0m
[0;32mI (464) wifi_init: tcp mss: 1440[0m
[0;32mI (464) wifi_init: WiFi IRAM OP enabled[0m
[0;32mI (474) wifi_init: WiFi RX IRAM OP enabled[0m
[0;32mI (474) phy_init: phy_version 711,97bcf0a2,Aug 25 2025,19:04:10[0m
[0;32mI (534) wifi:mode : sta (dc:b4:d9:09:f9:80)[0m
[0;32mI (534) wifi:enable tsf[0m
[0;32mI (534) ESPNOW: espnow [version: 2.0] init[0m
[1;31mE (534) FreeRTOS: FreeRTOS Task "comms_task" should not return, Aborting now![0m

abort() was called at PC 0x4037d62b on core 0


Backtrace: 0x4037c98d:0x3fceb9a0 0x4037c955:0x3fceb9c0 0x40384d91:0x3fceb9e0 0x4037d62b:0x3fceba50




ELF file SHA256: cf485f17e

Rebooting...
���ESP-ROM:esp32s3-20210327
Build:Mar 27 2021
rst:0xc (RTC_SW_CPU_RST),boot:0x8 (SPI_FAST_FLASH_BOOT)
Saved PC:0x4037cadc
SPIWP:0xee
mode:DIO, clock div:1
load:0x3fce2820,len:0x14f0
load:0x403c8700,len:0xd24
load:0x403cb700,len:0x2ef0
entry 0x403c8924
[0;32mI (29) boot: ESP-IDF v5.5.3 2nd stage bootloader[0m
[0;32mI (29) boot: compile time Feb 20 2026 00:49:15[0m
[0;32mI (29) boot: Multicore bootloader[0m
[0;32mI (29) boot: chip revision: v0.2[0m
[0;32mI (32) boot: efuse block revision: v1.3[0m
[0;32mI (36) boot.esp32s3: Boot SPI Speed : 80MHz[0m
[0;32mI (40) boot.esp32s3: SPI Mode       : DIO[0m
[0;32mI (43) boot.esp32s3: SPI Flash Size : 16MB[0m
[0;32mI (47) boot: Enabling RNG early entropy source...[0m
[0;32mI (52) boot: Partition Table:[0m
[0;32mI (54) boot: ## Label            Usage          Type ST Offset   Length[0m
[0;32mI (61) boot:  0 nvs              WiFi data        01 02 00009000 00006000[0m
[0;32mI (67) boot:  1 phy_init         RF data          01 01 0000f000 00001000[0m
[0;32mI (74) boot:  2 factory          factory app      00 00 00010000 00100000[0m
[0;32mI (80) boot: End of partition table[0m
[0;32mI (83) esp_image: segment 0: paddr=00010020 vaddr=3c090020 size=199a4h (104868) map[0m
[0;32mI (109) esp_image: segment 1: paddr=000299cc vaddr=3fc9b300 size=04ebch ( 20156) load[0m
[0;32mI (114) esp_image: segment 2: paddr=0002e890 vaddr=40374000 size=01788h (  6024) load[0m
[0;32mI (115) esp_image: segment 3: paddr=00030020 vaddr=42000020 size=80d28h (527656) map[0m
[0;32mI (214) esp_image: segment 4: paddr=000b0d50 vaddr=40375788 size=15b58h ( 88920) load[0m
[0;32mI (233) esp_image: segment 5: paddr=000c68b0 vaddr=50000000 size=00020h (    32) load[0m
[0;32mI (243) boot: Loaded app from partition at offset 0x10000[0m
[0;32mI (243) boot: Disabling RNG early entropy source...[0m
[0;32mI (253) cpu_start: Multicore app[0m
[0;32mI (261) cpu_start: GPIO 44 and 43 are used as console UART I/O pins[0m
[0;32mI (262) cpu_start: Pro cpu start user code[0m
[0;32mI (262) cpu_start: cpu freq: 160000000 Hz[0m
[0;32mI (264) app_init: Application information:[0m
[0;32mI (267) app_init: Project name:     espnow_example[0m
[0;32mI (272) app_init: App version:      11c91a6-dirty[0m
[0;32mI (276) app_init: Compile time:     Feb 20 2026 00:49:08[0m
[0;32mI (281) app_init: ELF file SHA256:  cf485f17e...[0m
[0;32mI (286) app_init: ESP-IDF:          v5.5.3[0m
[0;32mI (290) efuse_init: Min chip rev:     v0.0[0m
[0;32mI (293) efuse_init: Max chip rev:     v0.99 [0m
[0;32mI (297) efuse_init: Chip rev:         v0.2[0m
[0;32mI (301) heap_init: Initializing. RAM available for dynamic allocation:[0m
[0;32mI (308) heap_init: At 3FCA3F00 len 00045810 (278 KiB): RAM[0m
[0;32mI (313) heap_init: At 3FCE9710 len 00005724 (21 KiB): RAM[0m
[0;32mI (318) heap_init: At 3FCF0000 len 00008000 (32 KiB): DRAM[0m
[0;32mI (323) heap_init: At 600FE000 len 00001FE8 (7 KiB): RTCRAM[0m
[0;32mI (329) spi_flash: detected chip: boya[0m
[0;32mI (332) spi_flash: flash io: dio[0m
[0;32mI (335) sleep_gpio: Configure to isolate all GPIO pins in sleep state[0m
[0;32mI (341) sleep_gpio: Enable automatic switching of GPIO sleep configuration[0m
[0;32mI (348) main_task: Started on CPU0[0m
[0;32mI (388) main_task: Calling app_main()[0m
[0;32mI (398) main_task: Returned from app_main()[0m
[0;32mI (398) pp: pp rom version: e7ae62f[0m
[0;32mI (398) net80211: net80211 rom version: e7ae62f[0m
[0;32mI (408) wifi:wifi driver task: 3fca76a8, prio:23, stack:6656, core=0[0m
[0;32mI (408) wifi:wifi firmware version: 4df78f2[0m
[0;32mI (408) wifi:wifi certification version: v7.0[0m
[0;32mI (408) wifi:config NVS flash: enabled[0m
[0;32mI (408) wifi:config nano formatting: disabled[0m
[0;32mI (418) wifi:Init data frame dynamic rx buffer num: 32[0m
[0;32mI (418) wifi:Init static rx mgmt buffer num: 5[0m
[0;32mI (428) wifi:Init management short buffer num: 32[0m
[0;32mI (428) wifi:Init dynamic tx buffer num: 32[0m
[0;32mI (428) wifi:Init static tx FG buffer num: 2[0m
[0;32mI (438) wifi:Init static rx buffer size: 1600[0m
[0;32mI (438) wifi:Init static rx buffer num: 10[0m
[0;32mI (448) wifi:Init dynamic rx buffer num: 32[0m
[0;32mI (448) wifi_init: rx ba win: 6[0m
[0;32mI (448) wifi_init: accept mbox: 6[0m
[0;32mI (458) wifi_init: tcpip mbox: 32[0m
[0;32mI (458) wifi_init: udp mbox: 6[0m
[0;32mI (458) wifi_init: tcp mbox: 6[0m
[0;32mI (458) wifi_init: tcp tx win: 5760[0m
[0;32mI (468) wifi_init: tcp rx win: 5760[0m
[0;32mI (468) wifi_init: tcp mss: 1440[0m
[0;32mI (468) wifi_init: WiFi IRAM OP enabled[0m
[0;32mI (478) wifi_init: WiFi RX IRAM OP enabled[0m
[0;32mI (478) phy_init: phy_version 711,97bcf0a2,Aug 25 2025,19:04:10[0m
[0;32mI (528) wifi:mode : sta (dc:b4:d9:09:f9:80)[0m
[0;32mI (528) wifi:enable tsf[0m
[0;32mI (528) ESPNOW: espnow [version: 2.0] init[0m
[1;31mE (528) FreeRTOS: FreeRTOS Task "comms_task" should not return, Aborting now![0m

abort() was called at PC 0x4037d62b on core 0


Backtrace: 0x4037c98d:0x3fceb9a0 0x4037c955:0x3fceb9c0 0x40384d91:0x3fceb9e0 0x4037d62b:0x3fceba50




ELF file SHA256: cf485f17e

Rebooting...
���ESP-ROM:esp32s3-20210327
Build:Mar 27 2021
rst:0xc (RTC_SW_CPU_RST),boot:0x8 (SPI_FAST_FLASH_BOOT)
Saved PC:0x4037cadc
SPIWP:0xee
mode:DIO, clock div:1
load:0x3fce2820,len:0x14f0
load:0x403c8700,len:0xd24
load:0x403cb700,len:0x2ef0
entry 0x403c8924
[0;32mI (29) boot: ESP-IDF v5.5.3 2nd stage bootloader[0m
[0;32mI (29) boot: compile time Feb 20 2026 00:49:15[0m
[0;32mI (29) boot: Multicore bootloader[0m
[0;32mI (29) boot: chip revision: v0.2[0m
[0;32mI (32) boot: efuse block revision: v1.3[0m
[0;32mI (36) boot.esp32s3: Boot SPI Speed : 80MHz[0m
[0;32mI (40) boot.esp32s3: SPI Mode       : DIO[0m
[0;32mI (43) boot.esp32s3: SPI Flash Size : 16MB[0m
[0;32mI (47) boot: Enabling RNG early entropy source...[0m
[0;32mI (52) boot: Partition Table:[0m
[0;32mI (54) boot: ## Label            Usage          Type ST Offset   Length[0m
[0;32mI (61) boot:  0 nvs              WiFi data        01 02 00009000 00006000[0m
[0;32mI (67) boot:  1 phy_init         RF data          01 01 0000f000 00001000[0m
[0;32mI (74) boot:  2 factory          factory app      00 00 00010000 00100000[0m
[0;32mI (80) boot: End of partition table[0m
[0;32mI (83) esp_image: segment 0: paddr=00010020 vaddr=3c090020 size=199a4h (104868) map[0m
[0;32mI (109) esp_image: segment 1: paddr=000299cc vaddr=3fc9b300 size=04ebch ( 20156) load[0m
[0;32mI (114) esp_image: segment 2: paddr=0002e890 vaddr=40374000 size=01788h (  6024) load[0m
[0;32mI (115) esp_image: segment 3: paddr=00030020 vaddr=42000020 size=80d28h (527656) map[0m
[0;32mI (214) esp_image: segment 4: paddr=000b0d50 vaddr=40375788 size=15b58h ( 88920) load[0m
[0;32mI (233) esp_image: segment 5: paddr=000c68b0 vaddr=50000000 size=00020h (    32) load[0m
[0;32mI (243) boot: Loaded app from partition at offset 0x10000[0m
[0;32mI (243) boot: Disabling RNG early entropy source...[0m
[0;32mI (253) cpu_start: Multicore app[0m
[0;32mI (261) cpu_start: GPIO 44 and 43 are used as console UART I/O pins[0m
[0;32mI (262) cpu_start: Pro cpu start user code[0m
[0;32mI (262) cpu_start: cpu freq: 160000000 Hz[0m
[0;32mI (264) app_init: Application information:[0m
[0;32mI (267) app_init: Project name:     espnow_example[0m
[0;32mI (272) app_init: App version:      11c91a6-dirty[0m
[0;32mI (276) app_init: Compile time:     Feb 20 2026 00:49:08[0m
[0;32mI (281) app_init: ELF file SHA256:  cf485f17e...[0m
[0;32mI (286) app_init: ESP-IDF:          v5.5.3[0m
[0;32mI (290) efuse_init: Min chip rev:     v0.0[0m
[0;32mI (293) efuse_init: Max chip rev:     v0.99 [0m
[0;32mI (297) efuse_init: Chip rev:         v0.2[0m
[0;32mI (301) heap_init: Initializing. RAM available for dynamic allocation:[0m
[0;32mI (308) heap_init: At 3FCA3F00 len 00045810 (278 KiB): RAM[0m
[0;32mI (313) heap_init: At 3FCE9710 len 00005724 (21 KiB): RAM[0m
[0;32mI (318) heap_init: At 3FCF0000 len 00008000 (32 KiB): DRAM[0m
[0;32mI (323) heap_init: At 600FE000 len 00001FE8 (7 KiB): RTCRAM[0m
[0;32mI (329) spi_flash: detected chip: boya[0m
[0;32mI (332) spi_flash: flash io: dio[0m
[0;32mI (335) sleep_gpio: Configure to isolate all GPIO pins in sleep state[0m
[0;32mI (341) sleep_gpio: Enable automatic switching of GPIO sleep configuration[0m
[0;32mI (348) main_task: Started on CPU0[0m
[0;32mI (388) main_task: Calling app_main()[0m
[0;32mI (398) main_task: Returned from app_main()[0m
[0;32mI (398) pp: pp rom version: e7ae62f[0m
[0;32mI (398) net80211: net80211 rom version: e7ae62f[0m
[0;32mI (408) wifi:wifi driver task: 3fca76a8, prio:23, stack:6656, core=0[0m
[0;32mI (408) wifi:wifi firmware version: 4df78f2[0m
[0;32mI (408) wifi:wifi certification version: v7.0[0m
[0;32mI (408) wifi:config NVS flash: enabled[0m
[0;32mI (408) wifi:config nano formatting: disabled[0m
[0;32mI (418) wifi:Init data frame dynamic rx buffer num: 32[0m
[0;32mI (418) wifi:Init static rx mgmt buffer num: 5[0m
[0;32mI (428) wifi:Init management short buffer num: 32[0m
[0;32mI (428) wifi:Init dynamic tx buffer num: 32[0m
[0;32mI (428) wifi:Init static tx FG buffer num: 2[0m
[0;32mI (438) wifi:Init static rx buffer size: 1600[0m
[0;32mI (438) wifi:Init static rx buffer num: 10[0m
[0;32mI (448) wifi:Init dynamic rx buffer num: 32[0m
[0;32mI (448) wifi_init: rx ba win: 6[0m
[0;32mI (448) wifi_init: accept mbox: 6[0m
[0;32mI (458) wifi_init: tcpip mbox: 32[0m
[0;32mI (458) wifi_init: udp mbox: 6[0m
[0;32mI (458) wifi_init: tcp mbox: 6[0m
[0;32mI (458) wifi_init: tcp tx win: 5760[0m
[0;32mI (468) wifi_init: tcp rx win: 5760[0m
[0;32mI (468) wifi_init: tcp mss: 1440[0m
[0;32mI (468) wifi_init: WiFi IRAM OP enabled[0m
[0;32mI (478) wifi_init: WiFi RX IRAM OP enabled[0m
[0;32mI (478) phy_init: phy_version 711,97bcf0a2,Aug 25 2025,19:04:10[0m
[0;32mI (528) wifi:mode : sta (dc:b4:d9:09:f9:80)[0m
[0;32mI (528) wifi:enable tsf[0m
[0;32mI (538) ESPNOW: espnow [version: 2.0] init[0m
[1;31mE (538) FreeRTOS: FreeRTOS Task "comms_task" should not return, Aborting now![0m

abort() was called at PC 0x4037d62b on core 0


Backtrace: 0x4037c98d:0x3fceb9a0 0x4037c955:0x3fceb9c0 0x40384d91:0x3fceb9e0 0x4037d62b:0x3fceba50




ELF file SHA256: cf485f17e

Rebooting...
���ESP-ROM:esp32s3-20210327
Build:Mar 27 2021
rst:0xc (RTC_SW_CPU_RST),boot:0x8 (SPI_FAST_FLASH_BOOT)
Saved PC:0x4037cadc
SPIWP:0xee
mode:DIO, clock div:1
load:0x3fce2820,len:0x14f0
load:0x403c8700,len:0xd24
load:0x403cb700,len:0x2ef0
entry 0x403c8924
[0;32mI (29) boot: ESP-IDF v5.5.3 2nd stage bootloader[0m
[0;32mI (29) boot: compile time Feb 20 2026 00:49:15[0m
[0;32mI (29) boot: Multicore bootloader[0m
[0;32mI (29) boot: chip revision: v0.2[0m
[0;32mI (32) boot: efuse block revision: v1.3[0m
[0;32mI (36) boot.esp32s3: Boot SPI Speed : 80MHz[0m
[0;32mI (40) boot.esp32s3: SPI Mode       : DIO[0m
[0;32mI (43) boot.esp32s3: SPI Flash Size : 16MB[0m
[0;32mI (47) boot: Enabling RNG early entropy source...[0m
[0;32mI (52) boot: Partition Table:[0m
[0;32mI (54) boot: ## Label            Usage          Type ST Offset   Length[0m
[0;32mI (61) boot:  0 nvs              WiFi data        01 02 00009000 00006000[0m
[0;32mI (67) boot:  1 phy_init         RF data          01 01 0000f000 00001000[0m
[0;32mI (74) boot:  2 factory          factory app      00 00 00010000 00100000[0m
[0;32mI (80) boot: End of partition table[0m
[0;32mI (83) esp_image: segment 0: paddr=00010020 vaddr=3c090020 size=199a4h (104868) map[0m
[0;32mI (109) esp_image: segment 1: paddr=000299cc vaddr=3fc9b300 size=04ebch ( 20156) load[0m
[0;32mI (114) esp_image: segment 2: paddr=0002e890 vaddr=40374000 size=01788h (  6024) load[0m
[0;32mI (115) esp_image: segment 3: paddr=00030020 vaddr=42000020 size=80d28h (527656) map[0m
[0;32mI (214) esp_image: segment 4: paddr=000b0d50 vaddr=40375788 size=15b58h ( 88920) load[0m
[0;32mI (233) esp_image: segment 5: paddr=000c68b0 vaddr=50000000 size=00020h (    32) load[0m
[0;32mI (243) boot: Loaded app from partition at offset 0x10000[0m
[0;32mI (243) boot: Disabling RNG early entropy source...[0m
[0;32mI (253) cpu_start: Multicore app[0m
[0;32mI (261) cpu_start: GPIO 44 and 43 are used as console UART I/O pins[0m
[0;32mI (262) cpu_start: Pro cpu start user code[0m
[0;32mI (262) cpu_start: cpu freq: 160000000 Hz[0m
[0;32mI (264) app_init: Application information:[0m
[0;32mI (267) app_init: Project name:     espnow_example[0m
[0;32mI (272) app_init: App version:      11c91a6-dirty[0m
[0;32mI (276) app_init: Compile time:     Feb 20 2026 00:49:08[0m
[0;32mI (281) app_init: ELF file SHA256:  cf485f17e...[0m
[0;32mI (286) app_init: ESP-IDF:          v5.5.3[0m
[0;32mI (290) efuse_init: Min chip rev:     v0.0[0m
[0;32mI (293) efuse_init: Max chip rev:     v0.99 [0m
[0;32mI (297) efuse_init: Chip rev:         v0.2[0m
[0;32mI (301) heap_init: Initializing. RAM available for dynamic allocation:[0m
[0;32mI (308) heap_init: At 3FCA3F00 len 00045810 (278 KiB): RAM[0m
[0;32mI (313) heap_init: At 3FCE9710 len 00005724 (21 KiB): RAM[0m
[0;32mI (318) heap_init: At 3FCF0000 len 00008000 (32 KiB): DRAM[0m
[0;32mI (323) heap_init: At 600FE000 len 00001FE8 (7 KiB): RTCRAM[0m
[0;32mI (329) spi_flash: detected chip: boya[0m
[0;32mI (332) spi_flash: flash io: dio[0m
[0;32mI (335) sleep_gpio: Configure to isolate all GPIO pins in sleep state[0m
[0;32mI (341) sleep_gpio: Enable automatic switching of GPIO sleep configuration[0m
[0;32mI (348) main_task: Started on CPU0[0m
[0;32mI (388) main_task: Calling app_main()[0m
[0;32mI (398) main_task: Returned from app_main()[0m
[0;32mI (398) pp: pp rom version: e7ae62f[0m
[0;32mI (398) net80211: net80211 rom version: e7ae62f[0m
[0;32mI (408) wifi:wifi driver task: 3fca76a8, prio:23, stack:6656, core=0[0m
[0;32mI (408) wifi:wifi firmware version: 4df78f2[0m
[0;32mI (408) wifi:wifi certification version: v7.0[0m
[0;32mI (408) wifi:config NVS flash: enabled[0m
[0;32mI (408) wifi:config nano formatting: disabled[0m
[0;32mI (418) wifi:Init data frame dynamic rx buffer num: 32[0m
[0;32mI (418) wifi:Init static rx mgmt buffer num: 5[0m
[0;32mI (428) wifi:Init management short buffer num: 32[0m
[0;32mI (428) wifi:Init dynamic tx buffer num: 32[0m
[0;32mI (428) wifi:Init static tx FG buffer num: 2[0m
[0;32mI (438) wifi:Init static rx buffer size: 1600[0m
[0;32mI (438) wifi:Init static rx buffer num: 10[0m
[0;32mI (448) wifi:Init dynamic rx buffer num: 32[0m
[0;32mI (448) wifi_init: rx ba win: 6[0m
[0;32mI (448) wifi_init: accept mbox: 6[0m
[0;32mI (458) wifi_init: tcpip mbox: 32[0m
[0;32mI (458) wifi_init: udp mbox: 6[0m
[0;32mI (458) wifi_init: tcp mbox: 6[0m
[0;32mI (458) wifi_init: tcp tx win: 5760[0m
[0;32mI (468) wifi_init: tcp rx win: 5760[0m
[0;32mI (468) wifi_init: tcp mss: 1440[0m
[0;32mI (468) wifi_init: WiFi IRAM OP enabled[0m
[0;32mI (478) wifi_init: WiFi RX IRAM OP enabled[0m
[0;32mI (478) phy_init: phy_version 711,97bcf0a2,Aug 25 2025,19:04:10[0m
