Command: /home/marcus/.espressif/python_env/idf5.5_py3.12_env/bin/python /home/marcus/esp/esp-idf-v5.5.3/tools/idf_monitor.py -p /dev/ttyACM1 -b 115200 --toolchain-prefix xtensa-esp32s3-elf- --target esp32s3 --revision 0 /media/marcus/BCF853CFF8538714/Users/Marcus Meyer/Desktop/enel_300/ENEL-300/controller_board/esp_code/esp_now_bot/espnow/build/espnow_example.elf /media/marcus/BCF853CFF8538714/Users/Marcus Meyer/Desktop/enel_300/ENEL-300/controller_board/esp_code/esp_now_bot/espnow/build/bootloader/bootloader.elf -m '/home/marcus/.espressif/python_env/idf5.5_py3.12_env/bin/python' '/home/marcus/esp/esp-idf-v5.5.3/tools/idf.py'
�R=eESP-ROM:esp32s3-20210327
Build:Mar 27 2021
rst:0x1 (POWERON),boot:0x8 (SPI_FAST_FLASH_BOOT)
SPIWP:0xee
mode:DIO, clock div:1
load:0x3fce2820,len:0x159c
load:0x403c8700,len:0xd24
load:0x403cb700,len:0x2f48
entry 0x403c8924
[0;32mI (24) boot: ESP-IDF v5.5-dirty 2nd stage bootloader[0m
[0;32mI (25) boot: compile time Feb 19 2026 13:47:12[0m
[0;32mI (25) boot: Multicore bootloader[0m
[0;32mI (25) boot: chip revision: v0.2[0m
[0;32mI (28) boot: efuse block revision: v1.3[0m
[0;32mI (32) boot.esp32s3: Boot SPI Speed : 80MHz[0m
[0;32mI (35) boot.esp32s3: SPI Mode       : DIO[0m
[0;32mI (39) boot.esp32s3: SPI Flash Size : 2MB[0m
[0;32mI (43) boot: Enabling RNG early entropy source...[0m
[0;32mI (47) boot: Partition Table:[0m
[0;32mI (50) boot: ## Label            Usage          Type ST Offset   Length[0m
[0;32mI (56) boot:  0 nvs              WiFi data        01 02 00009000 00006000[0m
[0;32mI (63) boot:  1 phy_init         RF data          01 01 0000f000 00001000[0m
[0;32mI (69) boot:  2 factory          factory app      00 00 00010000 00100000[0m
[0;32mI (76) boot: End of partition table[0m
[0;32mI (79) esp_image: segment 0: paddr=00010020 vaddr=3c020020 size=09f28h ( 40744) map[0m
[0;32mI (94) esp_image: segment 1: paddr=00019f50 vaddr=3fc93b00 size=02978h ( 10616) load[0m
[0;32mI (96) esp_image: segment 2: paddr=0001c8d0 vaddr=40374000 size=03748h ( 14152) load[0m
[0;32mI (105) esp_image: segment 3: paddr=00020020 vaddr=42000020 size=17e74h ( 97908) map[0m
[0;32mI (126) esp_image: segment 4: paddr=00037e9c vaddr=40377748 size=0c3a4h ( 50084) load[0m
[0;32mI (137) esp_image: segment 5: paddr=00044248 vaddr=600fe000 size=00020h (    32) load[0m
[0;32mI (144) boot: Loaded app from partition at offset 0x10000[0m
[0;32mI (144) boot: Disabling RNG early entropy source...[0m
[0;32mI (155) cpu_start: Multicore app[0m
[0;32mI (164) cpu_start: Pro cpu start user code[0m
[0;32mI (164) cpu_start: cpu freq: 160000000 Hz[0m
[0;32mI (164) app_init: Application information:[0m
[0;32mI (164) app_init: Project name:     continuous_read[0m
[0;32mI (169) app_init: App version:      8210e39-dirty[0m
[0;32mI (173) app_init: Compile time:     Feb 19 2026 17:19:46[0m
[0;32mI (178) app_init: ELF file SHA256:  880d34043...[0m
[0;32mI (183) app_init: ESP-IDF:          v5.5-dirty[0m
[0;32mI (187) efuse_init: Min chip rev:     v0.0[0m
[0;32mI (191) efuse_init: Max chip rev:     v0.99 [0m
[0;32mI (195) efuse_init: Chip rev:         v0.2[0m
[0;32mI (199) heap_init: Initializing. RAM available for dynamic allocation:[0m
[0;32mI (205) heap_init: At 3FC96D30 len 000529E0 (330 KiB): RAM[0m
[0;32mI (210) heap_init: At 3FCE9710 len 00005724 (21 KiB): RAM[0m
[0;32mI (215) heap_init: At 3FCF0000 len 00008000 (32 KiB): DRAM[0m
[0;32mI (220) heap_init: At 600FE020 len 00001FC8 (7 KiB): RTCRAM[0m
[0;32mI (226) spi_flash: detected chip: boya[0m
[0;32mI (229) spi_flash: flash io: dio[0m
[0;33mW (232) spi_flash: Detected size(16384k) larger than the size in the binary image header(2048k). Using the size in the binary image header.[0m
[0;32mI (245) sleep_gpio: Configure to isolate all GPIO pins in sleep state[0m
[0;32mI (251) sleep_gpio: Enable automatic switching of GPIO sleep configuration[0m
[0;32mI (258) main_task: Started on CPU0[0m
[0;32mI (268) main_task: Calling app_main()[0m
[0;32mI (348) : JOY1 :: X_Value: 1929 Y_Value: 1939  JOY2 :: X_value: 1945Y_value: 1885[0m
[0;32mI (428) : JOY1 :: X_Value: 1928 Y_Value: 1940  JOY2 :: X_value: 1951Y_value: 1886[0m
[0;32mI (508) : JOY1 :: X_Value: 1928 Y_Value: 1939  JOY2 :: X_value: 1957Y_value: 1886[0m
[0;32mI (588) : JOY1 :: X_Value: 1929 Y_Value: 1939  JOY2 :: X_value: 1951Y_value: 1887[0m
[0;32mI (668) : JOY1 :: X_Value: 1927 Y_Value: 1939  JOY2 :: X_value: 1950Y_value: 1887[0m
[0;32mI (748) : JOY1 :: X_Value: 1929 Y_Value: 1941  JOY2 :: X_value: 1951Y_value: 1885[0m
[0;32mI (828) : JOY1 :: X_Value: 1927 Y_Value: 1939  JOY2 :: X_value: 1955Y_value: 1887[0m
[0;32mI (908) : JOY1 :: X_Value: 1929 Y_Value: 1941  JOY2 :: X_value: 1949Y_value: 1887[0m
[0;32mI (988) : JOY1 :: X_Value: 1926 Y_Value: 1939  JOY2 :: X_value: 1950Y_value: 1885[0m
[0;32mI (1068) : JOY1 :: X_Value: 1929 Y_Value: 1940  JOY2 :: X_value: 1957Y_value: 1891[0m
[0;32mI (1148) : JOY1 :: X_Value: 1929 Y_Value: 1939  JOY2 :: X_value: 1951Y_value: 1895[0m
[0;32mI (1228) : JOY1 :: X_Value: 1929 Y_Value: 1940  JOY2 :: X_value: 1950Y_value: 1886[0m
[0;32mI (1308) : JOY1 :: X_Value: 1928 Y_Value: 1939  JOY2 :: X_value: 1951Y_value: 1885[0m
[0;32mI (1388) : JOY1 :: X_Value: 1929 Y_Value: 1941  JOY2 :: X_value: 1949Y_value: 1885[0m
[0;32mI (1468) : JOY1 :: X_Value: 1930 Y_Value: 1939  JOY2 :: X_value: 1949Y_value: 1885[0m
[0;32mI (1548) : JOY1 :: X_Value: 1928 Y_Value: 1939  JOY2 :: X_value: 1950Y_value: 1886[0m
[0;32mI (1628) : JOY1 :: X_Value: 1929 Y_Value: 1939  JOY2 :: X_value: 1951Y_value: 1886[0m
[0;32mI (1708) : JOY1 :: X_Value: 1929 Y_Value: 1940  JOY2 :: X_value: 1949Y_value: 1887[0m
[0;32mI (1788) : JOY1 :: X_Value: 1929 Y_Value: 1941  JOY2 :: X_value: 1951Y_value: 1891[0m
[0;32mI (1868) : JOY1 :: X_Value: 1928 Y_Value: 1940  JOY2 :: X_value: 1951Y_value: 1887[0m
[0;32mI (1948) : JOY1 :: X_Value: 1929 Y_Value: 1939  JOY2 :: X_value: 1955Y_value: 1887[0m
[0;32mI (2028) : JOY1 :: X_Value: 1929 Y_Value: 1939  JOY2 :: X_value: 1951Y_value: 1887[0m
[0;32mI (2108) : JOY1 :: X_Value: 1928 Y_Value: 1939  JOY2 :: X_value: 1948Y_value: 1887[0m
[0;32mI (2188) : JOY1 :: X_Value: 1925 Y_Value: 1940  JOY2 :: X_value: 1951Y_value: 1884[0m
[0;32mI (2268) : JOY1 :: X_Value: 1929 Y_Value: 1939  JOY2 :: X_value: 1951Y_value: 1887[0m
[0;32mI (2348) : JOY1 :: X_Value: 1929 Y_Value: 1939  JOY2 :: X_value: 1955Y_value: 1883[0m
[0;32mI (2428) : JOY1 :: X_Value: 1929 Y_Value: 1941  JOY2 :: X_value: 1951Y_value: 1891[0m
[0;32mI (2508) : JOY1 :: X_Value: 1929 Y_Value: 1939  JOY2 :: X_value: 1950Y_value: 1887[0m
[0;32mI (2588) : JOY1 :: X_Value: 1929 Y_Value: 1940  JOY2 :: X_value: 1951Y_value: 1885[0m
[0;32mI (2668) : JOY1 :: X_Value: 1929 Y_Value: 1939  JOY2 :: X_value: 1956Y_value: 1887[0m
[0;32mI (2748) : JOY1 :: X_Value: 1928 Y_Value: 1939  JOY2 :: X_value: 1949Y_value: 1885[0m
[0;32mI (2828) : JOY1 :: X_Value: 1928 Y_Value: 1941  JOY2 :: X_value: 1956Y_value: 1885[0m
[0;32mI (2908) : JOY1 :: X_Value: 1930 Y_Value: 1941  JOY2 :: X_value: 1951Y_value: 1885[0m
[0;32mI (2988) : JOY1 :: X_Value: 1927 Y_Value: 1941  JOY2 :: X_value: 1946Y_value: 4095[0m
[0;32mI (3068) : JOY1 :: X_Value: 1929 Y_Value: 1940  JOY2 :: X_value: 1947Y_value: 4095[0m
[0;32mI (3148) : JOY1 :: X_Value: 1928 Y_Value: 1941  JOY2 :: X_value: 1949Y_value: 4095[0m
[0;32mI (3228) : JOY1 :: X_Value: 1928 Y_Value: 1941  JOY2 :: X_value: 1951Y_value: 4095[0m
[0;32mI (3308) : JOY1 :: X_Value: 1928 Y_Value: 1941  JOY2 :: X_value: 1943Y_value: 4095[0m
[0;32mI (3388) : JOY1 :: X_Value: 1928 Y_Value: 1939  JOY2 :: X_value: 1957Y_value: 4095[0m
[0;32mI (3468) : JOY1 :: X_Value: 1927 Y_Value: 1940  JOY2 :: X_value: 3343Y_value: 4095[0m
[0;32mI (3548) : JOY1 :: X_Value: 1928 Y_Value: 1939  JOY2 :: X_value: 3271Y_value: 2535[0m
[0;32mI (3628) : JOY1 :: X_Value: 1928 Y_Value: 1941  JOY2 :: X_value: 1957Y_value: 1887[0m
[0;32mI (3708) : JOY1 :: X_Value: 1929 Y_Value: 1939  JOY2 :: X_value: 1955Y_value: 1707[0m
[0;32mI (3788) : JOY1 :: X_Value: 1929 Y_Value: 1939  JOY2 :: X_value: 1959Y_value: 0[0m
[0;32mI (3868) : JOY1 :: X_Value: 1928 Y_Value: 1941  JOY2 :: X_value: 1955Y_value: 0[0m
[0;32mI (3948) : JOY1 :: X_Value: 1927 Y_Value: 1939  JOY2 :: X_value: 1945Y_value: 0[0m
[0;32mI (4028) : JOY1 :: X_Value: 1929 Y_Value: 1939  JOY2 :: X_value: 1693Y_value: 0[0m
[0;32mI (4108) : JOY1 :: X_Value: 1929 Y_Value: 1941  JOY2 :: X_value: 981Y_value: 0[0m
[0;32mI (4188) : JOY1 :: X_Value: 1928 Y_Value: 1939  JOY2 :: X_value: 0Y_value: 0[0m
[0;32mI (4268) : JOY1 :: X_Value: 1929 Y_Value: 1940  JOY2 :: X_value: 0Y_value: 1581[0m
[0;32mI (4348) : JOY1 :: X_Value: 1929 Y_Value: 1939  JOY2 :: X_value: 0Y_value: 2491[0m
[0;32mI (4428) : JOY1 :: X_Value: 1928 Y_Value: 1941  JOY2 :: X_value: 0Y_value: 4095[0m
[0;32mI (4508) : JOY1 :: X_Value: 1929 Y_Value: 1939  JOY2 :: X_value: 1955Y_value: 1885[0m
[0;32mI (4588) : JOY1 :: X_Value: 1928 Y_Value: 1939  JOY2 :: X_value: 1951Y_value: 1886[0m
[0;32mI (4668) : JOY1 :: X_Value: 1929 Y_Value: 1941  JOY2 :: X_value: 1955Y_value: 1891[0m
[0;32mI (4748) : JOY1 :: X_Value: 1929 Y_Value: 1940  JOY2 :: X_value: 1951Y_value: 1885[0m
[0;32mI (4828) : JOY1 :: X_Value: 1928 Y_Value: 1939  JOY2 :: X_value: 1951Y_value: 1887[0m
[0;32mI (4908) : JOY1 :: X_Value: 1929 Y_Value: 1939  JOY2 :: X_value: 1951Y_value: 1885[0m
[0;32mI (4988) : JOY1 :: X_Value: 1928 Y_Value: 1939  JOY2 :: X_value: 1951Y_value: 1893[0m
[0;32mI (5068) : JOY1 :: X_Value: 1929 Y_Value: 1941  JOY2 :: X_value: 1951Y_value: 1887[0m
[0;32mI (5148) : JOY1 :: X_Value: 1929 Y_Value: 1941  JOY2 :: X_value: 1955Y_value: 1885[0m
[0;32mI (5228) : JOY1 :: X_Value: 1929 Y_Value: 1940  JOY2 :: X_value: 1951Y_value: 1887[0m
[0;32mI (5308) : JOY1 :: X_Value: 1929 Y_Value: 1937  JOY2 :: X_value: 1952Y_value: 1885[0m
